// Jest Snapshot v1, https://goo.gl/fbAQLP

exports[`App container match snapshot 1`] = `
<div>
  <div
    class="App"
    data-testid="app"
  />
</div>
`;
