// Jest Snapshot v1, https://goo.gl/fbAQLP

exports[`Root container match snapshot 1`] = `<div />`;
